// Jest Snapshot v1, https://goo.gl/fbAQLP

exports[`CreateProduct renders correctly 1`] = `
<div>
  <div
    className="col-md-6"
  >
    <h1>
      Create product
    </h1>
    <form
      onChange={[Function]}
      onSubmit={[Function]}
    >
      <div
        className="form-group"
      >
        <label
          htmlFor="pname"
        >
          Enter name of the product
        </label>
        <input
          className="form-control"
          defaultValue=""
          id="pname"
          name="pname"
          placeholder="Enter name of the product"
          required={true}
          type="text"
        />
      </div>
      <div
        className="form-group"
      >
        <label
          htmlFor="pdescription"
        >
          Example description of the product
        </label>
        <textarea
          className="form-control"
          defaultValue=""
          id="pdescription"
          name="pdescription"
          required={true}
          rows="3"
        />
      </div>
      <div
        className="form-group"
      >
        <label
          htmlFor="price"
        >
          Enter price of the product
        </label>
        <input
          className="form-control"
          defaultValue=""
          id="price"
          name="price"
          placeholder="Enter price of the product"
          required={true}
          type="text"
        />
      </div>
      <div
        className="form-group"
      >
        <label
          htmlFor="categoriesecom"
        >
          Select category
        </label>
        <select
          className="form-control"
          id="categoriesecom"
          name="categoriesecom"
        >
          <option
            value="0"
          >
            Select category
          </option>
        </select>
      </div>
      <div
        className="form-group"
      >
        <input
          className="file"
          name="file"
          type="file"
        />
        <div
          className="img-preview"
        >
          <div
            className="previewText"
          >
            Please select an image.
          </div>
        </div>
      </div>
      <input
        type="submit"
        value="Submit"
      />
    </form>
  </div>
</div>
`;
