// Jest Snapshot v1, https://goo.gl/fbAQLP

exports[`Header renders correctly 1`] = `
<div>
  <Uncontrolled(Navbar)
    bsStyle="default"
  >
    <NavbarHeader>
      <NavbarBrand>
        <a
          href="/"
        >
          PHOENIX
        </a>
      </NavbarBrand>
    </NavbarHeader>
    <div
      className="pull-right"
      style={
        Object {
          "color": "white",
          "marginTop": "20px",
        }
      }
    >
      Welcome : 
    </div>
  </Uncontrolled(Navbar)>
  <Modal
    animation={true}
    autoFocus={true}
    backdrop={true}
    bsClass="modal"
    dialogComponentClass={[Function]}
    enforceFocus={true}
    keyboard={true}
    manager={
      ModalManager {
        "add": [Function],
        "containers": Array [],
        "data": Array [],
        "handleContainerOverflow": true,
        "hideSiblingNodes": true,
        "isTopModal": [Function],
        "modals": Array [],
        "remove": [Function],
      }
    }
    onHide={[Function]}
    renderBackdrop={[Function]}
    restoreFocus={true}
    show={false}
  >
    <ModalBody
      bsClass="modal-body"
      componentClass="div"
    >
      <Uncontrolled(Panel)>
        <Login
          showModal={false}
          statusRegister={[Function]}
        />
      </Uncontrolled(Panel)>
    </ModalBody>
  </Modal>
</div>
`;
