// Jest Snapshot v1, https://goo.gl/fbAQLP

exports[`ProductList renders correctly 1`] = `
<div>
  <div
    className="list-container"
    key="0"
  >
    <div />
  </div>
  <div
    className="list-container"
    key="1"
  >
    <Row
      tag="div"
    >
      <div
        className="columns"
        key="1"
      >
        <Col
          key="product_col_0"
          sm="6"
          tag="div"
          widths={
            Array [
              "xs",
              "sm",
              "md",
              "lg",
              "xl",
            ]
          }
        >
          <Card
            tag="div"
          >
            <CardBody
              tag="div"
            >
              <div
                className="cart-title-container"
              >
                <div
                  className="cart-title-left"
                >
                  <h3>
                    TV
                  </h3>
                  <h5>
                    Electronics
                  </h5>
                </div>
                <div
                  className="cart-title-right"
                >
                  <FontAwesomeIcon
                    border={false}
                    className="fa-lg"
                    fixedWidth={false}
                    flip={null}
                    icon="times"
                    inverse={false}
                    listItem={false}
                    mask={null}
                    pull={null}
                    pulse={false}
                    rotation={null}
                    size={null}
                    spin={false}
                    symbol={false}
                    title=""
                    transform={null}
                  />
                </div>
              </div>
            </CardBody>
            <CardBody
              className="card-body"
              tag="div"
            >
              <CardText
                tag="p"
              >
                Tv Description goes here.
              </CardText>
            </CardBody>
          </Card>
        </Col>
        <Col
          key="product_col_1"
          sm="6"
          tag="div"
          widths={
            Array [
              "xs",
              "sm",
              "md",
              "lg",
              "xl",
            ]
          }
        >
          <Card
            tag="div"
          >
            <CardBody
              tag="div"
            >
              <div
                className="cart-title-container"
              >
                <div
                  className="cart-title-left"
                >
                  <h3>
                    Mobile
                  </h3>
                  <h5>
                    Electronics
                  </h5>
                </div>
                <div
                  className="cart-title-right"
                >
                  <FontAwesomeIcon
                    border={false}
                    className="fa-lg"
                    fixedWidth={false}
                    flip={null}
                    icon="times"
                    inverse={false}
                    listItem={false}
                    mask={null}
                    pull={null}
                    pulse={false}
                    rotation={null}
                    size={null}
                    spin={false}
                    symbol={false}
                    title=""
                    transform={null}
                  />
                </div>
              </div>
            </CardBody>
            <CardBody
              className="card-body"
              tag="div"
            >
              <CardText
                tag="p"
              >
                Mobile descriptions goes here.
              </CardText>
            </CardBody>
          </Card>
        </Col>
      </div>
    </Row>
  </div>
  <div
    className="list-container"
    key="2"
  >
    <div />
  </div>
  <div
    className="list-container"
    key="3"
  >
    <Row
      tag="div"
    >
      <div
        className="columns"
        key="3"
      >
        <Col
          key="product_col_0"
          sm="6"
          tag="div"
          widths={
            Array [
              "xs",
              "sm",
              "md",
              "lg",
              "xl",
            ]
          }
        >
          <Card
            tag="div"
          >
            <CardBody
              tag="div"
            >
              <div
                className="cart-title-container"
              >
                <div
                  className="cart-title-left"
                >
                  <h3>
                    Toasters
                  </h3>
                  <h5>
                    Electronics
                  </h5>
                </div>
                <div
                  className="cart-title-right"
                >
                  <FontAwesomeIcon
                    border={false}
                    className="fa-lg"
                    fixedWidth={false}
                    flip={null}
                    icon="times"
                    inverse={false}
                    listItem={false}
                    mask={null}
                    pull={null}
                    pulse={false}
                    rotation={null}
                    size={null}
                    spin={false}
                    symbol={false}
                    title=""
                    transform={null}
                  />
                </div>
              </div>
            </CardBody>
            <CardBody
              className="card-body"
              tag="div"
            >
              <CardText
                tag="p"
              >
                Toasters descriptions goes here.
              </CardText>
            </CardBody>
          </Card>
        </Col>
        <Col
          key="product_col_1"
          sm="6"
          tag="div"
          widths={
            Array [
              "xs",
              "sm",
              "md",
              "lg",
              "xl",
            ]
          }
        >
          <Card
            tag="div"
          >
            <CardBody
              tag="div"
            >
              <div
                className="cart-title-container"
              >
                <div
                  className="cart-title-left"
                >
                  <h3>
                    T-Shirts
                  </h3>
                  <h5>
                    Clothing
                  </h5>
                </div>
                <div
                  className="cart-title-right"
                >
                  <FontAwesomeIcon
                    border={false}
                    className="fa-lg"
                    fixedWidth={false}
                    flip={null}
                    icon="times"
                    inverse={false}
                    listItem={false}
                    mask={null}
                    pull={null}
                    pulse={false}
                    rotation={null}
                    size={null}
                    spin={false}
                    symbol={false}
                    title=""
                    transform={null}
                  />
                </div>
              </div>
            </CardBody>
            <CardBody
              className="card-body"
              tag="div"
            >
              <CardText
                tag="p"
              >
                Clothing descriptions goes here.
              </CardText>
            </CardBody>
          </Card>
        </Col>
      </div>
    </Row>
  </div>
  <div
    className="list-container"
    key="4"
  >
    <div />
  </div>
</div>
`;
