// Jest Snapshot v1, https://goo.gl/fbAQLP

exports[`Header renders correctly 1`] = `
<div>
  <Uncontrolled(Navbar)
    bsStyle="default"
  >
    <NavbarHeader>
      <NavbarBrand>
        <a
          href="/"
        >
          PHOENIX 
          <span
            className="half_price"
          >
            Half product half price
          </span>
        </a>
      </NavbarBrand>
    </NavbarHeader>
    <Link
      className="pull-right"
      replace={false}
      style={
        Object {
          "color": "white",
          "marginRight": "20px",
          "marginTop": "20px",
        }
      }
      to="/search"
    >
      <span
        className="glyphicon glyphicon-search"
        style={
          Object {
            "fontSize": "25px",
          }
        }
      />
    </Link>
    <div
      className="form-group pull-right log_register_container"
    >
      <input
        className="btn-success form-control"
        name="login"
        onClick={[Function]}
        type="button"
        value="Login"
      />
      <input
        className="btn-success form-control"
        name="register"
        onClick={[Function]}
        type="button"
        value="Register"
      />
    </div>
  </Uncontrolled(Navbar)>
  <Modal
    animation={true}
    autoFocus={true}
    backdrop={true}
    bsClass="modal"
    dialogComponentClass={[Function]}
    enforceFocus={true}
    keyboard={true}
    manager={
      ModalManager {
        "add": [Function],
        "containers": Array [],
        "data": Array [],
        "handleContainerOverflow": true,
        "hideSiblingNodes": true,
        "isTopModal": [Function],
        "modals": Array [],
        "remove": [Function],
      }
    }
    onHide={[Function]}
    renderBackdrop={[Function]}
    restoreFocus={true}
    show={false}
  >
    <ModalBody
      bsClass="modal-body"
      componentClass="div"
    >
      <Uncontrolled(Panel) />
    </ModalBody>
  </Modal>
</div>
`;
